Found 5 interfaces on host : 0) 192.168.133.1 1) 192.168.10.200 2) 192.168.211.100 3) 192.168.118.1 4) 172.30.96.1
Player connection [92696]  Target information:

Player connection [92696]  * "[IP] 192.168.133.1 [Port] 55000 [Flags] 2 [Guid] 369975590 [EditorId] 444588573 [Version] 1048832 [Id] WindowsPlayer(2,DESKTOP-8GNVAER) [Debug] 0 [PackageName] WindowsPlayer [ProjectName] zantetsuken-vr" 

Player connection [92696]  * "[IP] 192.168.10.200 [Port] 55000 [Flags] 2 [Guid] 369975590 [EditorId] 444588573 [Version] 1048832 [Id] WindowsPlayer(2,DESKTOP-8GNVAER) [Debug] 0 [PackageName] WindowsPlayer [ProjectName] zantetsuken-vr" 

Player connection [92696]  * "[IP] 192.168.211.100 [Port] 55000 [Flags] 2 [Guid] 369975590 [EditorId] 444588573 [Version] 1048832 [Id] WindowsPlayer(2,DESKTOP-8GNVAER) [Debug] 0 [PackageName] WindowsPlayer [ProjectName] zantetsuken-vr" 

Player connection [92696]  * "[IP] 192.168.118.1 [Port] 55000 [Flags] 2 [Guid] 369975590 [EditorId] 444588573 [Version] 1048832 [Id] WindowsPlayer(2,DESKTOP-8GNVAER) [Debug] 0 [PackageName] WindowsPlayer [ProjectName] zantetsuken-vr" 

Player connection [92696]  * "[IP] 172.30.96.1 [Port] 55000 [Flags] 2 [Guid] 369975590 [EditorId] 444588573 [Version] 1048832 [Id] WindowsPlayer(2,DESKTOP-8GNVAER) [Debug] 0 [PackageName] WindowsPlayer [ProjectName] zantetsuken-vr" 

Player connection [92696] Started UDP target info broadcast (1) on [225.0.0.222:54997].

Input System module state changed to: Initialized.
[Physics::Module] Initialized fallback backend.
[Physics::Module] Id: 0xdecafbad
Initialize engine version: 6000.3.22f1 (1c726e1fb402)
[Subsystems] Discovering subsystems at path <USERPROFILE>/AppData/Local/Zantetsu/TestPlayers/UploadComparison20260924/CutWorldSandbox_Data/UnitySubsystems
[Subsystems] No descriptors matched for  examples in UnitySubsystems/UnityOpenXR/UnitySubsystemsManifest.json.
[Subsystems] 1 'inputs' descriptors matched in UnitySubsystems/UnityOpenXR/UnitySubsystemsManifest.json
[Subsystems] 1 'displays' descriptors matched in UnitySubsystems/UnityOpenXR/UnitySubsystemsManifest.json
[Subsystems] No descriptors matched for  meshings in UnitySubsystems/UnityOpenXR/UnitySubsystemsManifest.json.
Forcing GfxDevice: Direct3D 11
GfxDevice: creating device client; kGfxThreadingModeClientWorkerJobs
[XR] [92696] [14:03:10.950][Info   ] Available Layers: (0)
Direct3D:
    Version:  Direct3D 11.0 [level 11.1]
    Renderer: NVIDIA GeForce RTX 3090 (ID=0x2204)
    Vendor:   NVIDIA
    VRAM:     24322 MB
    Driver:   32.0.15.9186
[Physics::Module] Selected backend.
[Physics::Module] Name: PhysX
[Physics::Module] Id: 0xf2b8ea05
[Physics::Module] SDK Version: 4.1.2
[Physics::Module] Integration Version: 1.0.0
[Physics::Module] Threading Mode: Multi-Threaded
XRGeneral Settings awakening...
UnityEngine.DebugLogHandler:Internal_Log(LogType, LogOption, String, Object)
UnityEngine.Logger:Log(LogType, Object)
UnityEngine.Debug:Log(Object)
UnityEngine.XR.Management.XRGeneralSettings:Awake()

<RI> Initializing input.
Using Windows.Gaming.Input
UnloadTime: 0.405300 ms
SANDBOX PLAYER: started. directory=<USERPROFILE>/src/zantetsuken-vr-compact16uv/docs/diagnostics/compact16uv-upload/run3 graphics=Direct3D11 device=NVIDIA GeForce RTX 3090 screen=960x540 batchMode=False
UnityEngine.DebugLogHandler:Internal_Log(LogType, LogOption, String, Object)
UnityEngine.Logger:Log(LogType, Object)
UnityEngine.Debug:Log(Object)
Zantetsu.Sandbox.<Start>d__7:MoveNext()
UnityEngine.SetupCoroutine:InvokeMoveNext(IEnumerator, IntPtr)

SANDBOX PLAYER: waited for the scene's world and body: True
UnityEngine.DebugLogHandler:Internal_Log(LogType, LogOption, String, Object)
UnityEngine.Logger:Log(LogType, Object)
UnityEngine.Debug:Log(Object)
Zantetsu.Sandbox.<WaitUntil>d__10:MoveNext()
UnityEngine.SetupCoroutine:InvokeMoveNext(IEnumerator, IntPtr)

SANDBOX PLAYER: the body is registered: frame=2 ready=True released=False provisionalPairs=0 geometryFaults=0 displayDisposed=False renderFragments=1 drawCommands=2 settledCollections=1 broken=False halted=False
UnityEngine.DebugLogHandler:Internal_Log(LogType, LogOption, String, Object)
UnityEngine.Logger:Log(LogType, Object)
UnityEngine.Debug:Log(Object)
Zantetsu.Sandbox.Walk:LogState(String)
Zantetsu.Sandbox.<Start>d__7:MoveNext()
UnityEngine.SetupCoroutine:InvokeMoveNext(IEnumerator, IntPtr)

UPLOAD COMPARISON: stage=0 range=all-committed copies=1 count=5326 capacity=8192 median16Us=5.600 median32Us=11.800 readback=PASS
UnityEngine.DebugLogHandler:Internal_Log(LogType, LogOption, String, Object)
UnityEngine.Logger:Log(LogType, Object)
UnityEngine.Debug:Log(Object)
Zantetsu.Sandbox.<Measure>d__5:MoveNext()
Zantetsu.Sandbox.<RunGuarded>d__3:MoveNext()
UnityEngine.SetupCoroutine:InvokeMoveNext(IEnumerator, IntPtr)

UPLOAD COMPARISON: stage=0 range=all-committed copies=16 count=85216 capacity=131072 median16Us=60.500 median32Us=131.700 readback=PASS
UnityEngine.DebugLogHandler:Internal_Log(LogType, LogOption, String, Object)
UnityEngine.Logger:Log(LogType, Object)
UnityEngine.Debug:Log(Object)
Zantetsu.Sandbox.<Measure>d__5:MoveNext()
Zantetsu.Sandbox.<RunGuarded>d__3:MoveNext()
UnityEngine.SetupCoroutine:InvokeMoveNext(IEnumerator, IntPtr)

UPLOAD COMPARISON: stage=0 range=all-committed copies=64 count=340864 capacity=524288 median16Us=504.100 median32Us=866.400 readback=PASS
UnityEngine.DebugLogHandler:Internal_Log(LogType, LogOption, String, Object)
UnityEngine.Logger:Log(LogType, Object)
UnityEngine.Debug:Log(Object)
Zantetsu.Sandbox.<Measure>d__5:MoveNext()
Zantetsu.Sandbox.<RunGuarded>d__3:MoveNext()
UnityEngine.SetupCoroutine:InvokeMoveNext(IEnumerator, IntPtr)

UPLOAD COMPARISON: stage=1 range=all-committed copies=1 count=6255 capacity=8192 median16Us=6.800 median32Us=13.000 readback=PASS
UnityEngine.DebugLogHandler:Internal_Log(LogType, LogOption, String, Object)
UnityEngine.Logger:Log(LogType, Object)
UnityEngine.Debug:Log(Object)
Zantetsu.Sandbox.<Measure>d__5:MoveNext()
Zantetsu.Sandbox.<RunGuarded>d__3:MoveNext()
UnityEngine.SetupCoroutine:InvokeMoveNext(IEnumerator, IntPtr)

UPLOAD COMPARISON: stage=1 range=new-tail copies=1 count=929 capacity=1024 median16Us=1.100 median32Us=2.200 readback=PASS
UnityEngine.DebugLogHandler:Internal_Log(LogType, LogOption, String, Object)
UnityEngine.Logger:Log(LogType, Object)
UnityEngine.Debug:Log(Object)
Zantetsu.Sandbox.<Measure>d__5:MoveNext()
Zantetsu.Sandbox.<RunGuarded>d__3:MoveNext()
UnityEngine.SetupCoroutine:InvokeMoveNext(IEnumerator, IntPtr)

UPLOAD COMPARISON: stage=1 range=all-committed copies=16 count=100080 capacity=131072 median16Us=86.300 median32Us=175.300 readback=PASS
UnityEngine.DebugLogHandler:Internal_Log(LogType, LogOption, String, Object)
UnityEngine.Logger:Log(LogType, Object)
UnityEngine.Debug:Log(Object)
Zantetsu.Sandbox.<Measure>d__5:MoveNext()
Zantetsu.Sandbox.<RunGuarded>d__3:MoveNext()
UnityEngine.SetupCoroutine:InvokeMoveNext(IEnumerator, IntPtr)

UPLOAD COMPARISON: stage=1 range=new-tail copies=16 count=14864 capacity=16384 median16Us=18.100 median32Us=37.900 readback=PASS
UnityEngine.DebugLogHandler:Internal_Log(LogType, LogOption, String, Object)
UnityEngine.Logger:Log(LogType, Object)
UnityEngine.Debug:Log(Object)
Zantetsu.Sandbox.<Measure>d__5:MoveNext()
Zantetsu.Sandbox.<RunGuarded>d__3:MoveNext()
UnityEngine.SetupCoroutine:InvokeMoveNext(IEnumerator, IntPtr)

UPLOAD COMPARISON: stage=1 range=all-committed copies=64 count=400320 capacity=524288 median16Us=631.100 median32Us=1145.200 readback=PASS
UnityEngine.DebugLogHandler:Internal_Log(LogType, LogOption, String, Object)
UnityEngine.Logger:Log(LogType, Object)
UnityEngine.Debug:Log(Object)
Zantetsu.Sandbox.<Measure>d__5:MoveNext()
Zantetsu.Sandbox.<RunGuarded>d__3:MoveNext()
UnityEngine.SetupCoroutine:InvokeMoveNext(IEnumerator, IntPtr)

UPLOAD COMPARISON: stage=1 range=new-tail copies=64 count=59456 capacity=65536 median16Us=99.300 median32Us=104.600 readback=PASS
UnityEngine.DebugLogHandler:Internal_Log(LogType, LogOption, String, Object)
UnityEngine.Logger:Log(LogType, Object)
UnityEngine.Debug:Log(Object)
Zantetsu.Sandbox.<Measure>d__5:MoveNext()
Zantetsu.Sandbox.<RunGuarded>d__3:MoveNext()
UnityEngine.SetupCoroutine:InvokeMoveNext(IEnumerator, IntPtr)

UPLOAD COMPARISON: stage=2 range=all-committed copies=1 count=6478 capacity=8192 median16Us=7.800 median32Us=16.200 readback=PASS
UnityEngine.DebugLogHandler:Internal_Log(LogType, LogOption, String, Object)
UnityEngine.Logger:Log(LogType, Object)
UnityEngine.Debug:Log(Object)
Zantetsu.Sandbox.<Measure>d__5:MoveNext()
Zantetsu.Sandbox.<RunGuarded>d__3:MoveNext()
UnityEngine.SetupCoroutine:InvokeMoveNext(IEnumerator, IntPtr)

UPLOAD COMPARISON: stage=2 range=new-tail copies=1 count=223 capacity=256 median16Us=0.500 median32Us=0.700 readback=PASS
UnityEngine.DebugLogHandler:Internal_Log(LogType, LogOption, String, Object)
UnityEngine.Logger:Log(LogType, Object)
UnityEngine.Debug:Log(Object)
Zantetsu.Sandbox.<Measure>d__5:MoveNext()
Zantetsu.Sandbox.<RunGuarded>d__3:MoveNext()
UnityEngine.SetupCoroutine:InvokeMoveNext(IEnumerator, IntPtr)

UPLOAD COMPARISON: stage=2 range=all-committed copies=16 count=103648 capacity=131072 median16Us=88.400 median32Us=179.800 readback=PASS
UnityEngine.DebugLogHandler:Internal_Log(LogType, LogOption, String, Object)
UnityEngine.Logger:Log(LogType, Object)
UnityEngine.Debug:Log(Object)
Zantetsu.Sandbox.<Measure>d__5:MoveNext()
Zantetsu.Sandbox.<RunGuarded>d__3:MoveNext()
UnityEngine.SetupCoroutine:InvokeMoveNext(IEnumerator, IntPtr)

UPLOAD COMPARISON: stage=2 range=new-tail copies=16 count=3568 capacity=4096 median16Us=3.800 median32Us=7.300 readback=PASS
UnityEngine.DebugLogHandler:Internal_Log(LogType, LogOption, String, Object)
UnityEngine.Logger:Log(LogType, Object)
UnityEngine.Debug:Log(Object)
Zantetsu.Sandbox.<Measure>d__5:MoveNext()
Zantetsu.Sandbox.<RunGuarded>d__3:MoveNext()
UnityEngine.SetupCoroutine:InvokeMoveNext(IEnumerator, IntPtr)

UPLOAD COMPARISON: stage=2 range=all-committed copies=64 count=414592 capacity=524288 median16Us=727.100 median32Us=1275.800 readback=PASS
UnityEngine.DebugLogHandler:Internal_Log(LogType, LogOption, String, Object)
UnityEngine.Logger:Log(LogType, Object)
UnityEngine.Debug:Log(Object)
Zantetsu.Sandbox.<Measure>d__5:MoveNext()
Zantetsu.Sandbox.<RunGuarded>d__3:MoveNext()
UnityEngine.SetupCoroutine:InvokeMoveNext(IEnumerator, IntPtr)

UPLOAD COMPARISON: stage=2 range=new-tail copies=64 count=14272 capacity=16384 median16Us=21.100 median32Us=38.100 readback=PASS
UnityEngine.DebugLogHandler:Internal_Log(LogType, LogOption, String, Object)
UnityEngine.Logger:Log(LogType, Object)
UnityEngine.Debug:Log(Object)
Zantetsu.Sandbox.<Measure>d__5:MoveNext()
Zantetsu.Sandbox.<RunGuarded>d__3:MoveNext()
UnityEngine.SetupCoroutine:InvokeMoveNext(IEnumerator, IntPtr)

UPLOAD COMPARISON: stage=3 range=all-committed copies=1 count=6558 capacity=8192 median16Us=8.900 median32Us=18.700 readback=PASS
UnityEngine.DebugLogHandler:Internal_Log(LogType, LogOption, String, Object)
UnityEngine.Logger:Log(LogType, Object)
UnityEngine.Debug:Log(Object)
Zantetsu.Sandbox.<Measure>d__5:MoveNext()
Zantetsu.Sandbox.<RunGuarded>d__3:MoveNext()
UnityEngine.SetupCoroutine:InvokeMoveNext(IEnumerator, IntPtr)

UPLOAD COMPARISON: stage=3 range=new-tail copies=1 count=80 capacity=128 median16Us=0.500 median32Us=0.500 readback=PASS
UnityEngine.DebugLogHandler:Internal_Log(LogType, LogOption, String, Object)
UnityEngine.Logger:Log(LogType, Object)
UnityEngine.Debug:Log(Object)
Zantetsu.Sandbox.<Measure>d__5:MoveNext()
Zantetsu.Sandbox.<RunGuarded>d__3:MoveNext()
UnityEngine.SetupCoroutine:InvokeMoveNext(IEnumerator, IntPtr)

UPLOAD COMPARISON: stage=3 range=all-committed copies=16 count=104928 capacity=131072 median16Us=90.200 median32Us=189.500 readback=PASS
UnityEngine.DebugLogHandler:Internal_Log(LogType, LogOption, String, Object)
UnityEngine.Logger:Log(LogType, Object)
UnityEngine.Debug:Log(Object)
Zantetsu.Sandbox.<Measure>d__5:MoveNext()
Zantetsu.Sandbox.<RunGuarded>d__3:MoveNext()
UnityEngine.SetupCoroutine:InvokeMoveNext(IEnumerator, IntPtr)

UPLOAD COMPARISON: stage=3 range=new-tail copies=16 count=1280 capacity=2048 median16Us=1.500 median32Us=2.800 readback=PASS
UnityEngine.DebugLogHandler:Internal_Log(LogType, LogOption, String, Object)
UnityEngine.Logger:Log(LogType, Object)
UnityEngine.Debug:Log(Object)
Zantetsu.Sandbox.<Measure>d__5:MoveNext()
Zantetsu.Sandbox.<RunGuarded>d__3:MoveNext()
UnityEngine.SetupCoroutine:InvokeMoveNext(IEnumerator, IntPtr)

UPLOAD COMPARISON: stage=3 range=all-committed copies=64 count=419712 capacity=524288 median16Us=660.300 median32Us=1232.600 readback=PASS
UnityEngine.DebugLogHandler:Internal_Log(LogType, LogOption, String, Object)
UnityEngine.Logger:Log(LogType, Object)
UnityEngine.Debug:Log(Object)
Zantetsu.Sandbox.<Measure>d__5:MoveNext()
Zantetsu.Sandbox.<RunGuarded>d__3:MoveNext()
UnityEngine.SetupCoroutine:InvokeMoveNext(IEnumerator, IntPtr)

UPLOAD COMPARISON: stage=3 range=new-tail copies=64 count=5120 capacity=8192 median16Us=5.300 median32Us=11.800 readback=PASS
UnityEngine.DebugLogHandler:Internal_Log(LogType, LogOption, String, Object)
UnityEngine.Logger:Log(LogType, Object)
UnityEngine.Debug:Log(Object)
Zantetsu.Sandbox.<Measure>d__5:MoveNext()
Zantetsu.Sandbox.<RunGuarded>d__3:MoveNext()
UnityEngine.SetupCoroutine:InvokeMoveNext(IEnumerator, IntPtr)

UPLOAD COMPARISON: PASS rows=21 output=<USERPROFILE>/src/zantetsuken-vr-compact16uv/docs/diagnostics/compact16uv-upload/run3\upload-comparison.json
UnityEngine.DebugLogHandler:Internal_Log(LogType, LogOption, String, Object)
UnityEngine.Logger:Log(LogType, Object)
UnityEngine.Debug:Log(Object)
Zantetsu.Sandbox.<Run>d__4:MoveNext()
Zantetsu.Sandbox.<RunGuarded>d__3:MoveNext()
UnityEngine.SetupCoroutine:InvokeMoveNext(IEnumerator, IntPtr)

SANDBOX PLAYER: waited for comparison world shutdown: True
UnityEngine.DebugLogHandler:Internal_Log(LogType, LogOption, String, Object)
UnityEngine.Logger:Log(LogType, Object)
UnityEngine.Debug:Log(Object)
Zantetsu.Sandbox.<WaitUntil>d__10:MoveNext()
UnityEngine.SetupCoroutine:InvokeMoveNext(IEnumerator, IntPtr)

SANDBOX PLAYER: finished with code 0
UnityEngine.DebugLogHandler:Internal_Log(LogType, LogOption, String, Object)
UnityEngine.Logger:Log(LogType, Object)
UnityEngine.Debug:Log(Object)
Zantetsu.Sandbox.<Finish>d__11:MoveNext()
UnityEngine.SetupCoroutine:InvokeMoveNext(IEnumerator, IntPtr)

[Physics::Module] Cleanup current backend.
[Physics::Module] Id: 0xf2b8ea05
Input System module state changed to: ShutdownInProgress.
Input System polling thread exited.
Input System module state changed to: Shutdown.
PlayerConnection::Cleanup##utp:{"type":"MemoryLeaks","version":2,"phase":"Immediate","time":1790226196584,"processId":126748,"allocatedMemory":1610177,"memoryLabels":[{"Default":136},{"NewDelete":432},{"Thread":1792},{"Manager":540787},{"GfxDevice":72},{"GfxThread":5376},{"Animation":832},{"Audio":752},{"Serialization":520},{"JobScheduler":32768},{"ScriptingNativeRuntime":988384},{"Renderer":19908},{"String":200},{"DynamicArray":224},{"HashMap":5120},{"PoolAlloc":240},{"VR":2016},{"Video":144},{"NativeArray":10386},{"Gui":120},{"CoreBusinessMetrics":120}]}
