Found 5 interfaces on host : 0) 192.168.133.1 1) 192.168.10.200 2) 192.168.211.100 3) 192.168.118.1 4) 172.30.96.1
Player connection [111460]  Target information:

Player connection [111460]  * "[IP] 192.168.133.1 [Port] 55000 [Flags] 2 [Guid] 4191439767 [EditorId] 3693595572 [Version] 1048832 [Id] WindowsPlayer(2,DESKTOP-8GNVAER) [Debug] 0 [PackageName] WindowsPlayer [ProjectName] zantetsuken-vr" 

Player connection [111460]  * "[IP] 192.168.10.200 [Port] 55000 [Flags] 2 [Guid] 4191439767 [EditorId] 3693595572 [Version] 1048832 [Id] WindowsPlayer(2,DESKTOP-8GNVAER) [Debug] 0 [PackageName] WindowsPlayer [ProjectName] zantetsuken-vr" 

Player connection [111460]  * "[IP] 192.168.211.100 [Port] 55000 [Flags] 2 [Guid] 4191439767 [EditorId] 3693595572 [Version] 1048832 [Id] WindowsPlayer(2,DESKTOP-8GNVAER) [Debug] 0 [PackageName] WindowsPlayer [ProjectName] zantetsuken-vr" 

Player connection [111460]  * "[IP] 192.168.118.1 [Port] 55000 [Flags] 2 [Guid] 4191439767 [EditorId] 3693595572 [Version] 1048832 [Id] WindowsPlayer(2,DESKTOP-8GNVAER) [Debug] 0 [PackageName] WindowsPlayer [ProjectName] zantetsuken-vr" 

Player connection [111460]  * "[IP] 172.30.96.1 [Port] 55000 [Flags] 2 [Guid] 4191439767 [EditorId] 3693595572 [Version] 1048832 [Id] WindowsPlayer(2,DESKTOP-8GNVAER) [Debug] 0 [PackageName] WindowsPlayer [ProjectName] zantetsuken-vr" 

Player connection [111460] Started UDP target info broadcast (1) on [225.0.0.222:54997].

Input System module state changed to: Initialized.
[Physics::Module] Initialized fallback backend.
[Physics::Module] Id: 0xdecafbad
Initialize engine version: 6000.3.22f1 (1c726e1fb402)
[Subsystems] Discovering subsystems at path [USERPROFILE]/AppData/Local/Zantetsu/TestPlayers/SceneAb32Fixed_20260924/CutWorldSandbox_Data/UnitySubsystems
[Subsystems] No descriptors matched for  examples in UnitySubsystems/UnityOpenXR/UnitySubsystemsManifest.json.
[Subsystems] 1 'inputs' descriptors matched in UnitySubsystems/UnityOpenXR/UnitySubsystemsManifest.json
[Subsystems] 1 'displays' descriptors matched in UnitySubsystems/UnityOpenXR/UnitySubsystemsManifest.json
[Subsystems] No descriptors matched for  meshings in UnitySubsystems/UnityOpenXR/UnitySubsystemsManifest.json.
Forcing GfxDevice: Direct3D 11
GfxDevice: creating device client; kGfxThreadingModeClientWorkerJobs
[XR] [111460] [14:21:19.314][Info   ] Available Layers: (0)
Direct3D:
    Version:  Direct3D 11.0 [level 11.1]
    Renderer: NVIDIA GeForce RTX 3090 (ID=0x2204)
    Vendor:   NVIDIA
    VRAM:     24322 MB
    Driver:   32.0.15.9186
[Physics::Module] Selected backend.
[Physics::Module] Name: PhysX
[Physics::Module] Id: 0xf2b8ea05
[Physics::Module] SDK Version: 4.1.2
[Physics::Module] Integration Version: 1.0.0
[Physics::Module] Threading Mode: Multi-Threaded
XRGeneral Settings awakening...
UnityEngine.DebugLogHandler:Internal_Log(LogType, LogOption, String, Object)
UnityEngine.Logger:Log(LogType, Object)
UnityEngine.Debug:Log(Object)
UnityEngine.XR.Management.XRGeneralSettings:Awake()

<RI> Initializing input.
Using Windows.Gaming.Input
UnloadTime: 0.561800 ms
SCENE AB FIXTURE: subdivisions=64 vertices=25350 indices=147456 topology=24578 accepted=True verdict=accepted
UnityEngine.DebugLogHandler:Internal_Log(LogType, LogOption, String, Object)
UnityEngine.Logger:Log(LogType, Object)
UnityEngine.Debug:Log(Object)
Zantetsu.Sandbox.SandboxCutWorldProbe:TryAppendDenseBox(VpCpuGeometryStorage, float3[], VpStoredGeometry&)
Zantetsu.Sandbox.SandboxCutWorldProbe:TryAddBody()
Zantetsu.Sandbox.SandboxCutWorldProbe:Start()

SANDBOX PLAYER: started. directory=[USERPROFILE]/src/zantetsuken-vr-compact16uv/docs/diagnostics/compact16uv-scene-ab/run32-1 graphics=Direct3D11 device=NVIDIA GeForce RTX 3090 screen=960x540 batchMode=False
UnityEngine.DebugLogHandler:Internal_Log(LogType, LogOption, String, Object)
UnityEngine.Logger:Log(LogType, Object)
UnityEngine.Debug:Log(Object)
Zantetsu.Sandbox.<Start>d__8:MoveNext()
UnityEngine.SetupCoroutine:InvokeMoveNext(IEnumerator, IntPtr)

SANDBOX PLAYER: waited for the scene's world and body: True
UnityEngine.DebugLogHandler:Internal_Log(LogType, LogOption, String, Object)
UnityEngine.Logger:Log(LogType, Object)
UnityEngine.Debug:Log(Object)
Zantetsu.Sandbox.<WaitUntil>d__11:MoveNext()
UnityEngine.SetupCoroutine:InvokeMoveNext(IEnumerator, IntPtr)

SANDBOX PLAYER: the body is registered: frame=2 ready=True released=False provisionalPairs=0 geometryFaults=0 displayDisposed=False renderFragments=1 drawCommands=2 settledCollections=1 broken=False halted=False
UnityEngine.DebugLogHandler:Internal_Log(LogType, LogOption, String, Object)
UnityEngine.Logger:Log(LogType, Object)
UnityEngine.Debug:Log(Object)
Zantetsu.Sandbox.Walk:LogState(String)
Zantetsu.Sandbox.<Start>d__8:MoveNext()
UnityEngine.SetupCoroutine:InvokeMoveNext(IEnumerator, IntPtr)

SANDBOX PLAYER: atlas bound=True vertexStride=32
UnityEngine.DebugLogHandler:Internal_Log(LogType, LogOption, String, Object)
UnityEngine.Logger:Log(LogType, Object)
UnityEngine.Debug:Log(Object)
Zantetsu.Sandbox.<Start>d__8:MoveNext()
UnityEngine.SetupCoroutine:InvokeMoveNext(IEnumerator, IntPtr)

SANDBOX PLAYER: scene sample before-cut: frames=240 drawnFrames=240 mainThreadMedianMs=0.393500 mainThreadP95Ms=0.727800 unityAllocatedBytes=145598386 unityReservedBytes=276721664 processWorkingSetBytes=370900992 storageVertices=25350 vertexCapacityBytes=16777216 vSync=0 targetFrameRate=-1; inclusive Main Thread / settled snapshots, not peak or 32B comparison
UnityEngine.DebugLogHandler:Internal_Log(LogType, LogOption, String, Object)
UnityEngine.Logger:Log(LogType, Object)
UnityEngine.Debug:Log(Object)
Zantetsu.Sandbox.<MeasureSettledScene>d__13:MoveNext()
UnityEngine.SetupCoroutine:InvokeMoveNext(IEnumerator, IntPtr)

SANDBOX PLAYER: asked for a cut of the body: True
UnityEngine.DebugLogHandler:Internal_Log(LogType, LogOption, String, Object)
UnityEngine.Logger:Log(LogType, Object)
UnityEngine.Debug:Log(Object)
Zantetsu.Sandbox.<Start>d__8:MoveNext()
UnityEngine.SetupCoroutine:InvokeMoveNext(IEnumerator, IntPtr)

SANDBOX PLAYER: frames in which a provisional pair stood: 2
UnityEngine.DebugLogHandler:Internal_Log(LogType, LogOption, String, Object)
UnityEngine.Logger:Log(LogType, Object)
UnityEngine.Debug:Log(Object)
Zantetsu.Sandbox.<Start>d__8:MoveNext()
UnityEngine.SetupCoroutine:InvokeMoveNext(IEnumerator, IntPtr)

SANDBOX PLAYER: the cut committed. operation=operation 1 positive=fragment 2 negative=fragment 3 stage=Committed
UnityEngine.DebugLogHandler:Internal_Log(LogType, LogOption, String, Object)
UnityEngine.Logger:Log(LogType, Object)
UnityEngine.Debug:Log(Object)
Zantetsu.Sandbox.<Start>d__8:MoveNext()
UnityEngine.SetupCoroutine:InvokeMoveNext(IEnumerator, IntPtr)

SANDBOX PLAYER: after the commit: frame=307 ready=True released=False provisionalPairs=0 geometryFaults=0 displayDisposed=False renderFragments=2 drawCommands=2 settledCollections=306 broken=False halted=False
UnityEngine.DebugLogHandler:Internal_Log(LogType, LogOption, String, Object)
UnityEngine.Logger:Log(LogType, Object)
UnityEngine.Debug:Log(Object)
Zantetsu.Sandbox.Walk:LogState(String)
Zantetsu.Sandbox.<Start>d__8:MoveNext()
UnityEngine.SetupCoroutine:InvokeMoveNext(IEnumerator, IntPtr)

SANDBOX PLAYER: carried the positive child from (0.00, 1.00, 0.00) to (0.00, 2.10, 0.00); the negative child is at (0.00, 1.00, 0.00)
UnityEngine.DebugLogHandler:Internal_Log(LogType, LogOption, String, Object)
UnityEngine.Logger:Log(LogType, Object)
UnityEngine.Debug:Log(Object)
Zantetsu.Sandbox.<Start>d__8:MoveNext()
UnityEngine.SetupCoroutine:InvokeMoveNext(IEnumerator, IntPtr)

SANDBOX PLAYER: asked for a cut of the published child fragment 2: True
UnityEngine.DebugLogHandler:Internal_Log(LogType, LogOption, String, Object)
UnityEngine.Logger:Log(LogType, Object)
UnityEngine.Debug:Log(Object)
Zantetsu.Sandbox.<Start>d__8:MoveNext()
UnityEngine.SetupCoroutine:InvokeMoveNext(IEnumerator, IntPtr)

SANDBOX PLAYER: the child's cut committed. operation=operation 2 positive=fragment 4 negative=fragment 5
UnityEngine.DebugLogHandler:Internal_Log(LogType, LogOption, String, Object)
UnityEngine.Logger:Log(LogType, Object)
UnityEngine.Debug:Log(Object)
Zantetsu.Sandbox.<Start>d__8:MoveNext()
UnityEngine.SetupCoroutine:InvokeMoveNext(IEnumerator, IntPtr)

SANDBOX PLAYER: after the child's commit: frame=316 ready=True released=False provisionalPairs=0 geometryFaults=0 displayDisposed=False renderFragments=3 drawCommands=4 settledCollections=315 broken=False halted=False
UnityEngine.DebugLogHandler:Internal_Log(LogType, LogOption, String, Object)
UnityEngine.Logger:Log(LogType, Object)
UnityEngine.Debug:Log(Object)
Zantetsu.Sandbox.Walk:LogState(String)
Zantetsu.Sandbox.<Start>d__8:MoveNext()
UnityEngine.SetupCoroutine:InvokeMoveNext(IEnumerator, IntPtr)

SANDBOX PLAYER: scene sample after-recut: frames=240 drawnFrames=240 mainThreadMedianMs=0.412500 mainThreadP95Ms=0.693500 unityAllocatedBytes=146932374 unityReservedBytes=293498880 processWorkingSetBytes=380207104 storageVertices=28235 vertexCapacityBytes=16777216 vSync=0 targetFrameRate=-1; inclusive Main Thread / settled snapshots, not peak or 32B comparison
UnityEngine.DebugLogHandler:Internal_Log(LogType, LogOption, String, Object)
UnityEngine.Logger:Log(LogType, Object)
UnityEngine.Debug:Log(Object)
Zantetsu.Sandbox.<MeasureSettledScene>d__13:MoveNext()
UnityEngine.SetupCoroutine:InvokeMoveNext(IEnumerator, IntPtr)

SCENE AB: PASS stride=32 frames=614; measurement stopped before screenshots
UnityEngine.DebugLogHandler:Internal_Log(LogType, LogOption, String, Object)
UnityEngine.Logger:Log(LogType, Object)
UnityEngine.Debug:Log(Object)
Zantetsu.Sandbox.SceneAbRecorder:StopAndSave(String)
Zantetsu.Sandbox.<Start>d__8:MoveNext()
UnityEngine.SetupCoroutine:InvokeMoveNext(IEnumerator, IntPtr)

SANDBOX PLAYER: picture 04-after-the-child-cut -> [USERPROFILE]/src/zantetsuken-vr-compact16uv/docs/diagnostics/compact16uv-scene-ab/run32-1\04-after-the-child-cut.png
UnityEngine.DebugLogHandler:Internal_Log(LogType, LogOption, String, Object)
UnityEngine.Logger:Log(LogType, Object)
UnityEngine.Debug:Log(Object)
Zantetsu.Sandbox.<Capture>d__10:MoveNext()
UnityEngine.SetupCoroutine:InvokeMoveNext(IEnumerator, IntPtr)

SANDBOX PLAYER: asking the world to end
UnityEngine.DebugLogHandler:Internal_Log(LogType, LogOption, String, Object)
UnityEngine.Logger:Log(LogType, Object)
UnityEngine.Debug:Log(Object)
Zantetsu.Sandbox.<Start>d__8:MoveNext()
UnityEngine.SetupCoroutine:InvokeMoveNext(IEnumerator, IntPtr)

SANDBOX PLAYER: accepted after Shutdown: IsReady=False
UnityEngine.DebugLogHandler:Internal_Log(LogType, LogOption, String, Object)
UnityEngine.Logger:Log(LogType, Object)
UnityEngine.Debug:Log(Object)
Zantetsu.Sandbox.<Start>d__8:MoveNext()
UnityEngine.SetupCoroutine:InvokeMoveNext(IEnumerator, IntPtr)

SANDBOX PLAYER: the ending: IsReleased=True IsDrained=True displayDisposed=True ordinary frames spent=0
UnityEngine.DebugLogHandler:Internal_Log(LogType, LogOption, String, Object)
UnityEngine.Logger:Log(LogType, Object)
UnityEngine.Debug:Log(Object)
Zantetsu.Sandbox.<Start>d__8:MoveNext()
UnityEngine.SetupCoroutine:InvokeMoveNext(IEnumerator, IntPtr)

SANDBOX PLAYER: two frames after the ending: frame=620 ready=False released=True provisionalPairs=0 geometryFaults=0 displayDisposed=True renderFragments=-1 drawCommands=-1 settledCollections=-1 broken=False halted=False
UnityEngine.DebugLogHandler:Internal_Log(LogType, LogOption, String, Object)
UnityEngine.Logger:Log(LogType, Object)
UnityEngine.Debug:Log(Object)
Zantetsu.Sandbox.Walk:LogState(String)
Zantetsu.Sandbox.<Start>d__8:MoveNext()
UnityEngine.SetupCoroutine:InvokeMoveNext(IEnumerator, IntPtr)

SANDBOX PLAYER: atlas bound after shutdown=False
UnityEngine.DebugLogHandler:Internal_Log(LogType, LogOption, String, Object)
UnityEngine.Logger:Log(LogType, Object)
UnityEngine.Debug:Log(Object)
Zantetsu.Sandbox.<Start>d__8:MoveNext()
UnityEngine.SetupCoroutine:InvokeMoveNext(IEnumerator, IntPtr)

SANDBOX PLAYER: picture 05-after-the-ending -> [USERPROFILE]/src/zantetsuken-vr-compact16uv/docs/diagnostics/compact16uv-scene-ab/run32-1\05-after-the-ending.png
UnityEngine.DebugLogHandler:Internal_Log(LogType, LogOption, String, Object)
UnityEngine.Logger:Log(LogType, Object)
UnityEngine.Debug:Log(Object)
Zantetsu.Sandbox.<Capture>d__10:MoveNext()
UnityEngine.SetupCoroutine:InvokeMoveNext(IEnumerator, IntPtr)

SANDBOX PLAYER: finished with code 0
UnityEngine.DebugLogHandler:Internal_Log(LogType, LogOption, String, Object)
UnityEngine.Logger:Log(LogType, Object)
UnityEngine.Debug:Log(Object)
Zantetsu.Sandbox.<Finish>d__12:MoveNext()
UnityEngine.SetupCoroutine:InvokeMoveNext(IEnumerator, IntPtr)

[Physics::Module] Cleanup current backend.
[Physics::Module] Id: 0xf2b8ea05
Input System module state changed to: ShutdownInProgress.
Input System polling thread exited.
Input System module state changed to: Shutdown.
PlayerConnection::Cleanup##utp:{"type":"MemoryLeaks","version":2,"phase":"Immediate","time":1790227301642,"processId":16480,"allocatedMemory":1609713,"memoryLabels":[{"Default":136},{"NewDelete":432},{"Thread":1536},{"Manager":540787},{"GfxDevice":72},{"GfxThread":4608},{"Animation":832},{"Audio":752},{"Serialization":520},{"JobScheduler":32768},{"ScriptingNativeRuntime":988856},{"Renderer":19996},{"String":200},{"DynamicArray":224},{"HashMap":5120},{"PoolAlloc":240},{"VR":2016},{"Video":144},{"NativeArray":10386},{"Gui":120},{"CoreBusinessMetrics":120}]}
