Found 5 interfaces on host : 0) 192.168.133.1 1) 192.168.10.200 2) 192.168.211.100 3) 192.168.118.1 4) 172.30.96.1
Player connection [82916]  Target information:

Player connection [82916]  * "[IP] 192.168.133.1 [Port] 55001 [Flags] 2 [Guid] 250480175 [EditorId] 3637614487 [Version] 1048832 [Id] WindowsPlayer(2,DESKTOP-8GNVAER) [Debug] 0 [PackageName] WindowsPlayer [ProjectName] zantetsuken-vr" 

Player connection [82916]  * "[IP] 192.168.10.200 [Port] 55001 [Flags] 2 [Guid] 250480175 [EditorId] 3637614487 [Version] 1048832 [Id] WindowsPlayer(2,DESKTOP-8GNVAER) [Debug] 0 [PackageName] WindowsPlayer [ProjectName] zantetsuken-vr" 

Player connection [82916]  * "[IP] 192.168.211.100 [Port] 55001 [Flags] 2 [Guid] 250480175 [EditorId] 3637614487 [Version] 1048832 [Id] WindowsPlayer(2,DESKTOP-8GNVAER) [Debug] 0 [PackageName] WindowsPlayer [ProjectName] zantetsuken-vr" 

Player connection [82916]  * "[IP] 192.168.118.1 [Port] 55001 [Flags] 2 [Guid] 250480175 [EditorId] 3637614487 [Version] 1048832 [Id] WindowsPlayer(2,DESKTOP-8GNVAER) [Debug] 0 [PackageName] WindowsPlayer [ProjectName] zantetsuken-vr" 

Player connection [82916]  * "[IP] 172.30.96.1 [Port] 55001 [Flags] 2 [Guid] 250480175 [EditorId] 3637614487 [Version] 1048832 [Id] WindowsPlayer(2,DESKTOP-8GNVAER) [Debug] 0 [PackageName] WindowsPlayer [ProjectName] zantetsuken-vr" 

Player connection [82916] Started UDP target info broadcast (1) on [225.0.0.222:54997].

Input System module state changed to: Initialized.
[Physics::Module] Initialized fallback backend.
[Physics::Module] Id: 0xdecafbad
Initialize engine version: 6000.3.22f1 (1c726e1fb402)
[Subsystems] Discovering subsystems at path C:/Users/%USERNAME%/AppData/Local/Zantetsu/TestPlayers/SceneCompact16uv20260924/CutWorldSandbox_Data/UnitySubsystems
[Subsystems] No descriptors matched for  examples in UnitySubsystems/UnityOpenXR/UnitySubsystemsManifest.json.
[Subsystems] 1 'inputs' descriptors matched in UnitySubsystems/UnityOpenXR/UnitySubsystemsManifest.json
[Subsystems] 1 'displays' descriptors matched in UnitySubsystems/UnityOpenXR/UnitySubsystemsManifest.json
[Subsystems] No descriptors matched for  meshings in UnitySubsystems/UnityOpenXR/UnitySubsystemsManifest.json.
Forcing GfxDevice: Direct3D 11
GfxDevice: creating device client; kGfxThreadingModeClientWorkerJobs
[XR] [82916] [13:35:40.447][Info   ] Available Layers: (0)
Direct3D:
    Version:  Direct3D 11.0 [level 11.1]
    Renderer: NVIDIA GeForce RTX 3090 (ID=0x2204)
    Vendor:   NVIDIA
    VRAM:     24322 MB
    Driver:   32.0.15.9186
[Physics::Module] Selected backend.
[Physics::Module] Name: PhysX
[Physics::Module] Id: 0xf2b8ea05
[Physics::Module] SDK Version: 4.1.2
[Physics::Module] Integration Version: 1.0.0
[Physics::Module] Threading Mode: Multi-Threaded
XRGeneral Settings awakening...
UnityEngine.DebugLogHandler:Internal_Log(LogType, LogOption, String, Object)
UnityEngine.Logger:Log(LogType, Object)
UnityEngine.Debug:Log(Object)
UnityEngine.XR.Management.XRGeneralSettings:Awake()

[Subsystems] OpenXR XR Plugin successfully registered Provider for OpenXR Display
[Subsystems] OpenXR XR Plugin successfully registered Provider for OpenXR Input
[Subsystems] OpenXR XR Plugin successfully registered Provider for OpenXR Display
Loading OpenXR loader library at path: openxr_loader
UnityEngine.DebugLogHandler:Internal_Log(LogType, LogOption, String, Object)
UnityEngine.Logger:Log(LogType, Object)
UnityEngine.Debug:Log(Object)
UnityEngine.XR.OpenXR.OpenXRLoaderBase:LoadOpenXRSymbols()
UnityEngine.XR.OpenXR.OpenXRLoaderBase:InitializeInternal()
UnityEngine.XR.OpenXR.OpenXRLoaderBase:Initialize()
UnityEngine.XR.Management.XRManagerSettings:InitializeLoaderSync()
UnityEngine.XR.Management.XRGeneralSettings:InitXRSDK()

[XR] XR_META_performance_metrics: Attempted to stop before session ready
[Subsystems] Loading plugin UnityOpenXR for subsystem OpenXR Display...
[XR] [82916] [13:35:40.878][Info   ] Available Layers: (0)
[Subsystems] Loading plugin UnityOpenXR for subsystem OpenXR Input...
<RI> Initializing input.
Using Windows.Gaming.Input
[XR] [82916] [13:35:41.033][Info   ] OpenXRSession::HandleSessionStateChangedEvent: state XR_SESSION_STATE_UNKNOWN->XR_SESSION_STATE_IDLE session=2 time=2062496572422600
UnloadTime: 0.463500 ms
SANDBOX PLAYER: started. directory=C:/Users/%USERNAME%/src/zantetsuken-vr-compact16uv/docs/diagnostics/compact16uv-scene/run1-images graphics=Direct3D11 device=NVIDIA GeForce RTX 3090 screen=960x540 batchMode=False
UnityEngine.DebugLogHandler:Internal_Log(LogType, LogOption, String, Object)
UnityEngine.Logger:Log(LogType, Object)
UnityEngine.Debug:Log(Object)
Zantetsu.Sandbox.<Start>d__5:MoveNext()
UnityEngine.SetupCoroutine:InvokeMoveNext(IEnumerator, IntPtr)

SANDBOX PLAYER: waited for the scene's world and body: True
UnityEngine.DebugLogHandler:Internal_Log(LogType, LogOption, String, Object)
UnityEngine.Logger:Log(LogType, Object)
UnityEngine.Debug:Log(Object)
Zantetsu.Sandbox.<WaitUntil>d__8:MoveNext()
UnityEngine.SetupCoroutine:InvokeMoveNext(IEnumerator, IntPtr)

SANDBOX PLAYER: the body is registered: frame=79358 ready=True released=False provisionalPairs=0 geometryFaults=0 displayDisposed=False renderFragments=1 drawCommands=2 settledCollections=1 broken=False halted=False
UnityEngine.DebugLogHandler:Internal_Log(LogType, LogOption, String, Object)
UnityEngine.Logger:Log(LogType, Object)
UnityEngine.Debug:Log(Object)
Zantetsu.Sandbox.Walk:LogState(String)
Zantetsu.Sandbox.<Start>d__5:MoveNext()
UnityEngine.SetupCoroutine:InvokeMoveNext(IEnumerator, IntPtr)

SANDBOX PLAYER: atlas bound=True vertexStride=16
UnityEngine.DebugLogHandler:Internal_Log(LogType, LogOption, String, Object)
UnityEngine.Logger:Log(LogType, Object)
UnityEngine.Debug:Log(Object)
Zantetsu.Sandbox.<Start>d__5:MoveNext()
UnityEngine.SetupCoroutine:InvokeMoveNext(IEnumerator, IntPtr)

NotSupportedException: C:\Program Files\Unity\Hub\Editor\6000.3.22f1\Editor\Data\il2cpp\libil2cpp\icalls\System\System.Diagnostics\Process.cpp(47) : Unsupported internal call for IL2CPP:NativeMethods::GetProcessData - "IL2CPP does not support access to process data"
  at System.Diagnostics.Process.get_WorkingSet64 () [0x00000] in <00000000000000000000000000000000>:0 
  at Zantetsu.Sandbox.SandboxPlayerCheck+Walk+<MeasureSettledScene>d__10.MoveNext () [0x00000] in <00000000000000000000000000000000>:0 
  at UnityEngine.SetupCoroutine.InvokeMoveNext (System.Collections.IEnumerator enumerator, System.IntPtr returnValueAddress) [0x00000] in <00000000000000000000000000000000>:0 

